<?xml version="1.0" encoding="utf-8"?><testsuites name="pytest tests"><testsuite name="pytest" errors="0" failures="0" skipped="0" tests="12" time="0.381" timestamp="2026-08-16T01:57:36.667936+03:00" hostname="furkan-HP-Pavilion-Gaming-Laptop-15-dk2xxx"><testcase classname="tests.test_toolcheck" name="test_benign_tool_calls_allow" time="0.013" /><testcase classname="tests.test_toolcheck" name="test_dangerous_tool_calls_flag_or_block" time="0.013" /><testcase classname="tests.test_toolcheck" name="test_toolcheck_py_js_parity" time="0.190" /><testcase classname="tests.test_toolcheck" name="test_privileged_identity_arg_caught" time="0.001" /><testcase classname="tests.test_toolcheck" name="test_windows_sensitive_path_caught" time="0.001" /><testcase classname="tests.test_toolcheck" name="test_file_unc_host_forms_caught" time="0.001" /><testcase classname="tests.test_toolcheck" name="test_privileged_container_exec_caught" time="0.002" /><testcase classname="tests.test_toolcheck" name="test_privileged_container_exec_benign_mention_allow" time="0.001" /><testcase classname="tests.test_toolcheck" name="test_executable_data_url_danger_caught" time="0.002" /><testcase classname="tests.test_toolcheck" name="test_executable_data_url_benign_allow_and_controls" time="0.002" /><testcase classname="tests.test_parity" name="test_firewall_py_js_parity" time="0.056" /><testcase classname="tests.test_parity" name="test_scanner_py_js_parity" time="0.059" /></testsuite></testsuites>